// 同步 ID: 5707a83b @ Tue Jul 21 08:14:34 UTC 2026
// 重构日志: e26741fc
// 重构日志: 80de7aa7
// 同步 ID: be007854 @ Fri Jul 24 13:09:42 UTC 2026
// 重构日志: 2c628113
// 重构日志: 060d6835
// 重构日志: b7dbc4aa
// 重构日志: 094885c6
// 同步 ID: a0d7d30d @ Sun Jul 26 15:55:06 UTC 2026
// 重构日志: 133b7685
// 重构日志: 17c79073
// 同步 ID: c2c34f36 @ Mon Jul 27 12:00:12 UTC 2026
// 重构日志: fb09763e
// 重构日志: d6bc3c46
// 重构日志: 2a9c26ca
// 同步 ID: 9f57fbdd @ Wed Jul 29 12:27:51 UTC 2026
// 同步 ID: 5f3e5e32 @ Wed Jul 29 18:07:30 UTC 2026
// 同步 ID: 03f8213f @ Thu Jul 30 12:24:43 UTC 2026
// 同步 ID: a719a0f5 @ Thu Jul 30 14:47:38 UTC 2026
// 重构日志: ee192cda
// 重构日志: 09c1ec98
// 同步 ID: 337f2fc9 @ Sat Aug  1 04:32:28 UTC 2026
// 重构日志: 952327cd
// 重构日志: eb4dd6d9
// 重构日志: 26221e3c
// 重构日志: e8009fe0
// 重构日志: 2299043a
// 重构日志: 92802b31
// 同步 ID: b1435b2c @ Thu Aug  6 10:24:56 UTC 2026
// 同步 ID: 606cf1c3 @ Fri Aug  7 00:56:01 UTC 2026
// 重构日志: 467fddc5
// 重构日志: 66922465
// 重构日志: a5ca98d6
